start 17:21:16
[INFO] capture_block 필터=ALL (전체 232 captures)
[INFO] cube config source: config_py:CubeConfig
[INFO] cube id_to_face: {0: '+Z', 1: '+Z', 2: '+X', 3: '+Y', 4: '-X', 5: '-Y'}
[WARN] Session meta cube_config differs from the resolved cube model; stored cube pose candidates will be ignored and image re-detection will be used.
[INFO] set_cube_center priors: [0, 1, 2, 3, 4, 5, 6, 7, 8, 9, 10, 11, 12]
[INFO] all cams: [0, 1, 2, 3]
[INFO] gripper: cam2, fixed: [0, 1, 3], ref: cam0
[INFO] robot poses: 232

============================================================
[STEP-A] Cube PnP from metadata
============================================================
[cube-model] inter-face agreement: median=1.91deg (1019 pairs, 663 frames) -> ok
  cam0(F): 232 frames, reproj=0.545px
  cam1(F): 207 frames, reproj=0.581px
  cam2(G): 107 frames, reproj=0.783px
  cam3(F): 189 frames, reproj=0.635px

============================================================
[STEP-A2] ChArUco board from gripper camera
============================================================
  ChArUco total: 146 frames, reproj=0.272px

============================================================
[STEP-B] Fixed camera extrinsics (ref=cam0)
============================================================
  T_C0_C1: 207fr rot=0.523deg trans=4.49mm
  T_C0_C3: 189fr rot=0.430deg trans=5.29mm

============================================================
[STEP-C] Hand-eye (gripper=cam2)
============================================================
  Using ChArUco board (146 common events)
  [TSAI] score=98.329 (board=7.335, cube=299.169, trans=2.33mm, NO_REFINE+50) rot=0.500deg (NO REFINE)
  [PARK] score=98.234 (board=7.269, cube=299.174, trans=2.38mm, NO_REFINE+50) rot=0.489deg (NO REFINE)
  [HORAUD] score=98.095 (board=7.258, cube=299.154, trans=2.36mm, NO_REFINE+50) rot=0.490deg (NO REFINE)
  [ANDREFF] score=164.189 (board=13.868, cube=299.979, trans=8.97mm, NO_REFINE+50) rot=0.490deg (NO REFINE)
  [DANIILIDIS] score=98.350 (board=7.286, cube=299.152, trans=2.38mm, NO_REFINE+50) rot=0.490deg (NO REFINE)
  [HE-refine] joint board+cube RMS: 1.69 -> 1.65
  [HE-refine] adopted refined T_gripper_cam
  [BEST] HORAUD -> T_gripper_cam.npy
  T_base_board: 146 frames, pos_std=[1.5,1.6,1.5]mm

============================================================
[STEP-D] Fixed cameras in robot base frame
============================================================
  --- D-1: Board-based (ChArUco) ---
  T_base_C0: 63/71fr (board) rot=0.159deg trans=1.51mm
  T_base_C1: 4/7fr (board) rot=0.114deg trans=0.40mm
  cam3: board not visible (0 frames)
  --- D-1b: Cube-primary fixed camera base transforms ---
  T_base_C0: 107fr (cube) rot=0.404deg trans=4.76mm
  T_base_C1: 107fr (cube) rot=0.363deg trans=4.52mm
  T_base_C3: 107fr (cube) rot=0.545deg trans=6.48mm
  [FINAL] T_base_C0: method=board_based+board_refined(a=0.70) rot=0.159deg trans=1.51mm
  [FINAL] T_base_C1: method=board_based+board_refined(a=0.70) rot=0.114deg trans=0.40mm
  [FINAL] T_base_C3: method=cube_anchor_primary rot=0.545deg trans=6.48mm
  --- D-1.5: Object anchor from fixed-camera cube consensus ---
  gripper event transforms from fixed consensus: 107 events
  internal_runtime/gripper_base_pose_model.json (107 samples)
  T_base_O from cube consensus: 208/208 events
  internal_runtime/set_cube_center_prior.json (support=13)
  --- D-1.6: Set-prior + depth refinement pass ---
  [PRIOR] T_base_C0: method=cube_anchor_primary+board_refined(a=0.46) rot=0.145deg trans=1.97mm
  [PRIOR] T_base_C1: method=board_based+board_refined(a=0.70) rot=0.114deg trans=0.40mm
  [PRIOR] T_base_C3: method=cube_anchor_primary rot=0.222deg trans=2.92mm

============================================================
[STEP-D-2] Set-consistency refinement of T_base_C*
============================================================
  refined T_base_C0: trans_std=2.76mm rot_std=0.293° (Δ 9.46mm/0.846°)
  refined T_base_C1: trans_std=2.16mm rot_std=0.183° (Δ 5.46mm/0.396°)
  refined T_base_C3: trans_std=4.47mm rot_std=0.338° (Δ 2.57mm/0.227°)
  internal_runtime/T_base_O_set0.npy (hybrid_fixed_translation_gripper_rotation+set_prior, support=18)
  internal_runtime/T_base_O_set1.npy (hybrid_fixed_translation_gripper_rotation+set_prior, support=17)
  internal_runtime/T_base_O_set2.npy (hybrid_fixed_translation_gripper_rotation+set_prior, support=16)
  internal_runtime/T_base_O_set3.npy (hybrid_fixed_translation_gripper_rotation+set_prior, support=18)
  internal_runtime/T_base_O_set4.npy (hybrid_fixed_translation_gripper_rotation+set_prior, support=18)
  internal_runtime/T_base_O_set5.npy (hybrid_fixed_translation_gripper_rotation+set_prior, support=16)
  internal_runtime/T_base_O_set6.npy (hybrid_fixed_translation_gripper_rotation+set_prior, support=11)
  internal_runtime/T_base_O_set7.npy (hybrid_fixed_translation_gripper_rotation+set_prior, support=14)
  internal_runtime/T_base_O_set8.npy (hybrid_fixed_translation_gripper_rotation+set_prior, support=14)
  internal_runtime/T_base_O_set9.npy (hybrid_fixed_translation_gripper_rotation+set_prior, support=11)
  internal_runtime/T_base_O_set10.npy (hybrid_fixed_translation_gripper_rotation+set_prior, support=17)
  internal_runtime/T_base_O_set11.npy (hybrid_fixed_translation_gripper_rotation+set_prior, support=18)
  internal_runtime/T_base_O_set12.npy (hybrid_fixed_translation_gripper_rotation+set_prior, support=20)
  T_base_O.npy (cube_consensus_fixed_cams+set_prior_refined)

============================================================
[STEP-D-3] Reprojection refinement of T_base_C* (method 04, objects fixed)
============================================================
  refined T_base_C0 [04]: reproj 21.56->21.15px (Δ 4.48mm/0.130°, 143 corner-obs)
  refined T_base_C1 [04]: reproj 2.87->2.20px (Δ 4.38mm/0.285°, 143 corner-obs)
  refined T_base_C3 [04]: reproj 2.54->2.09px (Δ 3.48mm/0.210°, 143 corner-obs)
[C2] transform_sets recorded: ['board_only', 'cube_only', 'hybrid'] (target=both)

============================================================
Calibration COMPLETE
============================================================
  source: ChArUco board (HORAUD)
  output: data/session/calib_out_v2
    T_C0_C0
    T_C0_C1
    T_C0_C3
    T_gripper_cam
    T_base_O
    T_base_C0
    T_base_C1
    T_base_C3
STEP3 DONE 17:21:47
[C2] calib_dir=data/session/calib_out_v2
[C2] transform_sets present: ['board_only', 'cube_only', 'hybrid']

=============================================================================================================================================================
C2  CUBE vs BOARD  (mode-comparison)
=============================================================================================================================================================
mode        num_base_cameras  cross_camera_mean_mm  cube_reproj_mean_px  board_reproj_mean_px  mesh_rmse_mm  dimension_err_mm  pose_repeat_mm  handeye_pass
-------------------------------------------------------------------------------------------------------------------------------------------------------------
board_only  2                 26.94                 0.619                0.671                 3.73          1.87              26.94           PASS        
cube_only   3                 4.69                  0.619                0.671                 3.49          1.67              4.69            PASS        
hybrid      3                 4.86                  0.619                0.671                 3.37          1.75              4.86            PASS        

==========================================================================
C2  OBSERVABILITY  (동시관측 + 시야각, 고정 3대, 232 events, geom=hybrid)
==========================================================================
지표                        Board(ChArUco)          Cube
--------------------------------------------------------------------------
타깃 관측 event 수                        105           232
동시관측(평균 대수)                         1.03          2.70
>=2대 동시(%)                           2.9          89.7
시야각 coverage(°)                    118.9         104.0
--------------------------------------------------------------------------
  동시관측: board 1.03 -> cube 2.70 대  (cube 6면 → 더 많은 카메라가 동시 관측)

[DONE] C2 results -> data/session/c2_out_v2
       data/session/c2_out_v2/C2_cube_vs_board.csv
       data/session/c2_out_v2/C2_observability.csv
C2 DONE 17:27:16
